client,available,held,total,locked
2,0,0,0,true
1,1.5000,0,1.5000,false
