client,available,held,total,locked
2,0,2,2.0000,false
1,1.5000,0,1.5000,false
